"activity" :STATUS :UNCHECKED
"adv_task" :STATUS :UNCHECKED
"armor_flags" :STATUS :UNCHECKED
"armor_general_flags" :STATUS :UNCHECKED
"armor_properties" :STATUS :UNCHECKED
"art_facet_type" :STATUS :UNCHECKED
"art_image" :STATUS :UNCHECKED
"art_image_chunk" :STATUS :UNCHECKED
"art_image_element" :STATUS :UNCHECKED
"art_image_element_creaturest" :STATUS :UNCHECKED
"art_image_element_itemst" :STATUS :UNCHECKED
"art_image_element_plantst" :STATUS :UNCHECKED
"art_image_element_shapest" :STATUS :UNCHECKED
"art_image_element_treest" :STATUS :UNCHECKED
"art_image_element_type" :STATUS :UNCHECKED
"art_image_property" :STATUS :UNCHECKED
"art_image_property_intransitive_verbst" :STATUS :UNCHECKED
"art_image_property_transitive_verbst" :STATUS :UNCHECKED
"art_image_property_type" :STATUS :UNCHECKED
"art_image_property_verb" :STATUS :UNCHECKED
"art_image_ref" :STATUS :VERIFIED
"artifact_record" :STATUS :UNCHECKED
"biome_type" :STATUS :UNCHECKED
"block_flags" :STATUS :UNCHECKED
"block_square_event" :STATUS :VERIFIED
"block_square_event_frozen_liquidst" :STATUS :UNCHECKED
"block_square_event_mineralst" :STATUS :VERIFIED
"block_square_event_type" :STATUS :UNCHECKED
"block_square_event_world_constructionst" :STATUS :UNCHECKED
"body_info" :STATUS :VERIFIED
"body_part_flags" :STATUS :UNCHECKED
"body_part_raw" :STATUS :UNCHECKED
"body_part_template" :STATUS :UNCHECKED
"body_part_template_contype" :STATUS :UNCHECKED
"body_template" :STATUS :VERIFIED
"building" :STATUS :VERIFIED
"building.@.*.*" :STATUS :UNCHECKED
"building_actual" :STATUS :VERIFIED
"building_actual.contained_items.*.*" :STATUS :VERIFIED
"building_animaltrapst" :STATUS :VERIFIED
"building_archerytargetst" :STATUS :VERIFIED
"building_archerytargetst.archery_direction" :STATUS :VERIFIED
"building_armorstandst" :STATUS :VERIFIED
"building_axle_horizontalst" :STATUS :VERIFIED
"building_axle_verticalst" :STATUS :VERIFIED
"building_bedst" :STATUS :VERIFIED
"building_boxst" :STATUS :VERIFIED
"building_bridgest" :STATUS :VERIFIED
"building_cabinetst" :STATUS :VERIFIED
"building_cagest" :STATUS :VERIFIED
"building_chainst" :STATUS :VERIFIED
"building_chairst" :STATUS :VERIFIED
"building_civzonest" :STATUS :VERIFIED
"building_coffinst" :STATUS :VERIFIED
"building_design" :STATUS :VERIFIED
"building_doorst" :STATUS :VERIFIED
"building_drawBuffer" :STATUS :UNCHECKED
"building_extents" :STATUS :VERIFIED
"building_farmplotst" :STATUS :VERIFIED
"building_flags" :STATUS :VERIFIED
"building_floodgatest" :STATUS :VERIFIED
"building_furnacest" :STATUS :VERIFIED
"building_gear_assemblyst" :STATUS :VERIFIED
"building_road_dirtst" :STATUS :UNCHECKED
"building_road_pavedst" :STATUS :VERIFIED
"building_roadst" :STATUS :VERIFIED
"building_screw_pumpst" :STATUS :VERIFIED
"building_shopst" :STATUS :UNCHECKED
"building_siegeenginest" :STATUS :VERIFIED
"building_siegeenginest.action" :STATUS :VERIFIED
"building_siegeenginest.facing" :STATUS :VERIFIED
"building_statuest" :STATUS :VERIFIED
"building_stockpilest" :STATUS :VERIFIED
"building_supportst" :STATUS :UNCHECKED
"building_tablest" :STATUS :VERIFIED
"building_tradedepotst" :STATUS :VERIFIED
"building_trapst" :STATUS :VERIFIED
"building_type" :STATUS :UNCHECKED
"building_wagonst" :STATUS :UNCHECKED
"building_water_wheelst" :STATUS :VERIFIED
"building_weaponrackst" :STATUS :VERIFIED
"building_weaponst" :STATUS :UNCHECKED
"building_wellst" :STATUS :VERIFIED
"building_windmillst" :STATUS :VERIFIED
"building_window_gemst" :STATUS :UNCHECKED
"building_window_glassst" :STATUS :VERIFIED
"building_windowst" :STATUS :VERIFIED
"building_workshopst" :STATUS :VERIFIED
"buildings_other_id" :STATUS :UNCHECKED
"caravan_state" :STATUS :UNCHECKED
"cave_column_link" :STATUS :VERIFIED
"civzone_type" :STATUS :VERIFIED
"construction" :STATUS :VERIFIED
"construction_flags" :STATUS :VERIFIED
"contaminant" :STATUS :VERIFIED
"coord" :STATUS :VERIFIED
"coord2d" :STATUS :VERIFIED
"coord2d_path" :STATUS :VERIFIED
"coord_path" :STATUS :VERIFIED
"creature_raw" :STATUS :VERIFIED
"creature_raw.densities.*" :STATUS :VERIFIED
"creature_raw.temperatures.*" :STATUS :VERIFIED
"creature_raw_flags" :STATUS :UNCHECKED
"damage_type" :STATUS :UNCHECKED
"descriptor_color" :STATUS :VERIFIED
"descriptor_shape" :STATUS :VERIFIED
"dipscript_info" :STATUS :VERIFIED
"door_flags" :STATUS :UNCHECKED
"dye_info" :STATUS :VERIFIED
"enabler" :STATUS :UNCHECKED
"engraving" :STATUS :VERIFIED
"engraving_flags" :STATUS :VERIFIED
"entity_activity_statistics" :STATUS :VERIFIED
"entity_activity_statistics.recent_jobs.*" :STATUS :VERIFIED
"entity_entity_link" :STATUS :VERIFIED
"entity_entity_link_type" :STATUS :VERIFIED
"entity_raw" :STATUS :VERIFIED
"entity_raw_flags" :STATUS :UNCHECKED
"entity_site_link" :STATUS :VERIFIED
"entity_site_link_type" :STATUS :VERIFIED
"environment_type" :STATUS :UNCHECKED
"ethic_response" :STATUS :VERIFIED
"ethic_type" :STATUS :UNCHECKED
"feature" :STATUS :VERIFIED
"feature_init" :STATUS :VERIFIED
"feature_init.alterations.*.*" :STATUS :VERIFIED
"feature_init_flags" :STATUS :UNCHECKED
"feature_type" :STATUS :VERIFIED
"flow" :STATUS :UNCHECKED
"flow_reuse_pool" :STATUS :VERIFIED
"flow_type" :STATUS :UNCHECKED
"furnace_type" :STATUS :VERIFIED
"game_mode" :STATUS :VERIFIED
"game_type" :STATUS :VERIFIED
"gate_flags" :STATUS :UNCHECKED
"general_ref" :STATUS :VERIFIED
"general_ref_artifactst" :STATUS :UNCHECKED
"general_ref_building_cagedst" :STATUS :UNCHECKED
"general_ref_building_chainst" :STATUS :UNCHECKED
"general_ref_building_civzone_assignedst" :STATUS :UNCHECKED
"general_ref_building_holderst" :STATUS :UNCHECKED
"general_ref_building_triggerst" :STATUS :UNCHECKED
"general_ref_building_triggertargetst" :STATUS :UNCHECKED
"general_ref_building_well_tagst" :STATUS :UNCHECKED
"general_ref_buildingst" :STATUS :UNCHECKED
"general_ref_coinbatchst" :STATUS :UNCHECKED
"general_ref_contained_in_itemst" :STATUS :UNCHECKED
"general_ref_contains_itemst" :STATUS :UNCHECKED
"general_ref_contains_unitst" :STATUS :UNCHECKED
"general_ref_entity_art_imagest" :STATUS :UNCHECKED
"general_ref_entity_itemownerst" :STATUS :UNCHECKED
"general_ref_entity_offeredst" :STATUS :UNCHECKED
"general_ref_entity_stolenst" :STATUS :UNCHECKED
"general_ref_entityst" :STATUS :UNCHECKED
"general_ref_is_artifactst" :STATUS :UNCHECKED
"general_ref_is_nemesisst" :STATUS :VERIFIED
"general_ref_item_typest" :STATUS :UNCHECKED
"general_ref_itemst" :STATUS :UNCHECKED
"general_ref_mapsquarest" :STATUS :UNCHECKED
"general_ref_nemesisst" :STATUS :VERIFIED
"general_ref_projectilest" :STATUS :UNCHECKED
"general_ref_type" :STATUS :UNCHECKED
"general_ref_unit_beateest" :STATUS :UNCHECKED
"general_ref_unit_cageest" :STATUS :UNCHECKED
"general_ref_unit_foodreceiverst" :STATUS :UNCHECKED
"general_ref_unit_holderst" :STATUS :UNCHECKED
"general_ref_unit_infantst" :STATUS :UNCHECKED
"general_ref_unit_itemownerst" :STATUS :UNCHECKED
"general_ref_unit_kidnapeest" :STATUS :UNCHECKED
"general_ref_unit_patientst" :STATUS :UNCHECKED
"general_ref_unit_slaughtereest" :STATUS :UNCHECKED
"general_ref_unit_tradebringerst" :STATUS :UNCHECKED
"general_ref_unit_traineest" :STATUS :UNCHECKED
"general_ref_unit_workerst" :STATUS :UNCHECKED
"general_ref_unitst" :STATUS :UNCHECKED
"geo_layer_type" :STATUS :VERIFIED
"gloves_flags" :STATUS :UNCHECKED
"graphic" :STATUS :UNCHECKED
"graphic.screen.*.*" :STATUS :UNCHECKED
"guild_id" :STATUS :UNCHECKED
"helm_flags" :STATUS :UNCHECKED
"histfig_entity_link" :STATUS :VERIFIED
"histfig_entity_link_type" :STATUS :VERIFIED
"histfig_hf_link" :STATUS :VERIFIED
"histfig_hf_link_type" :STATUS :VERIFIED
"histfig_site_link" :STATUS :VERIFIED
"histfig_site_link_type" :STATUS :VERIFIED
"historical_entity" :STATUS :VERIFIED
"historical_entity.resources.meat_fish_recipes.*.*" :STATUS :UNCHECKED
"historical_entity.resources.other_recipes.*.*" :STATUS :UNCHECKED
"historical_entity.resources.unk13.*" :STATUS :VERIFIED
"historical_figure" :STATUS :VERIFIED
"history_event" :STATUS :UNCHECKED
"history_event_add_hf_entity_linkst" :STATUS :UNCHECKED
"history_event_agreements_voidedst" :STATUS :UNCHECKED
"history_event_artifact_createdst" :STATUS :UNCHECKED
"history_event_artifact_droppedst" :STATUS :UNCHECKED
"history_event_artifact_foundst" :STATUS :UNCHECKED
"history_event_artifact_hiddenst" :STATUS :UNCHECKED
"history_event_artifact_lostst" :STATUS :UNCHECKED
"history_event_artifact_possessedst" :STATUS :UNCHECKED
"history_event_artifact_recoveredst" :STATUS :UNCHECKED
"history_event_collection" :STATUS :UNCHECKED
"history_event_contact_lostst" :STATUS :UNCHECKED
"history_event_created_sitest" :STATUS :UNCHECKED
"history_event_demon_encasedst" :STATUS :UNCHECKED
"history_event_demon_releasedst" :STATUS :UNCHECKED
"history_event_diplomat_lostst" :STATUS :UNCHECKED
"history_event_first_contact_failedst" :STATUS :UNCHECKED
"history_event_first_contactst" :STATUS :UNCHECKED
"history_event_hf_destroyed_sitest" :STATUS :UNCHECKED
"history_event_hist_figure_diedst" :STATUS :UNCHECKED
"history_event_merchantst" :STATUS :UNCHECKED
"history_event_reclaim_sitest" :STATUS :UNCHECKED
"history_event_site_abandonedst" :STATUS :UNCHECKED
"history_event_site_diedst" :STATUS :UNCHECKED
"history_event_topicagreement_concludedst" :STATUS :UNCHECKED
"history_event_topicagreement_madest" :STATUS :UNCHECKED
"history_event_topicagreement_rejectedst" :STATUS :UNCHECKED
"history_event_type" :STATUS :UNCHECKED
"history_event_war_attacked_sitest" :STATUS :UNCHECKED
"history_event_war_destroyed_sitest" :STATUS :UNCHECKED
"history_event_war_peace_acceptedst" :STATUS :UNCHECKED
"history_event_war_peace_rejectedst" :STATUS :UNCHECKED
"improvement_type" :STATUS :UNCHECKED
"inclusion_type" :STATUS :VERIFIED
"init" :STATUS :UNCHECKED
"init_adventurer_flags" :STATUS :UNCHECKED
"init_display" :STATUS :UNCHECKED
"init_display.windowed" :STATUS :UNCHECKED
"init_display_flags" :STATUS :UNCHECKED
"init_font" :STATUS :UNCHECKED
"init_game_flags" :STATUS :UNCHECKED
"init_input" :STATUS :UNCHECKED
"init_input_flags" :STATUS :UNCHECKED
"init_media" :STATUS :UNCHECKED
"init_media_flags" :STATUS :UNCHECKED
"init_nickname_mode" :STATUS :UNCHECKED
"instrument_flags" :STATUS :UNCHECKED
"interface_breakdown_types" :STATUS :VERIFIED
"interface_button" :STATUS :UNCHECKED
"interface_button_building_category_selectorst" :STATUS :UNCHECKED
"interface_button_building_material_selectorst" :STATUS :UNCHECKED
"interface_button_building_new_jobst" :STATUS :UNCHECKED
"interface_button_buildingst" :STATUS :UNCHECKED
"interface_button_button_designate_selectst" :STATUS :UNCHECKED
"interface_button_button_donest" :STATUS :UNCHECKED
"interface_button_button_light_up_selectorst" :STATUS :UNCHECKED
"interface_button_buttonst" :STATUS :UNCHECKED
"interface_button_construction_building_selectorst" :STATUS :UNCHECKED
"interface_button_construction_category_selectorst" :STATUS :UNCHECKED
"interface_button_construction_donest" :STATUS :UNCHECKED
"interface_button_constructionst" :STATUS :UNCHECKED
"interfacest" :STATUS :VERIFIED
"interfacest.keybinds.*" :STATUS :VERIFIED
"item" :STATUS :VERIFIED
"item_actual" :STATUS :VERIFIED
"item_ammost" :STATUS :UNCHECKED
"item_amuletst" :STATUS :UNCHECKED
"item_animaltrapst" :STATUS :UNCHECKED
"item_anvilst" :STATUS :UNCHECKED
"item_armorst" :STATUS :VERIFIED
"item_armorstandst" :STATUS :UNCHECKED
"item_backpackst" :STATUS :UNCHECKED
"item_ballistaarrowheadst" :STATUS :UNCHECKED
"item_ballistapartsst" :STATUS :UNCHECKED
"item_barrelst" :STATUS :UNCHECKED
"item_barst" :STATUS :UNCHECKED
"item_bedst" :STATUS :VERIFIED
"item_binst" :STATUS :UNCHECKED
"item_blocksst" :STATUS :UNCHECKED
"item_bonesst" :STATUS :UNCHECKED
"item_boxst" :STATUS :UNCHECKED
"item_braceletst" :STATUS :UNCHECKED
"item_bucketst" :STATUS :UNCHECKED
"item_cabinetst" :STATUS :UNCHECKED
"item_cagest" :STATUS :UNCHECKED
"item_catapultpartsst" :STATUS :UNCHECKED
"item_category" :STATUS :VERIFIED
"item_chainst" :STATUS :UNCHECKED
"item_chairst" :STATUS :UNCHECKED
"item_cheesest" :STATUS :UNCHECKED
"item_clothst" :STATUS :UNCHECKED
"item_coffinst" :STATUS :UNCHECKED
"item_coinst" :STATUS :UNCHECKED
"item_constructed" :STATUS :VERIFIED
"item_corpsepiecest" :STATUS :UNCHECKED
"item_corpsest" :STATUS :UNCHECKED
"item_crafted" :STATUS :VERIFIED
"item_critter" :STATUS :UNCHECKED
"item_crownst" :STATUS :UNCHECKED
"item_doorst" :STATUS :UNCHECKED
"item_drinkst" :STATUS :VERIFIED
"item_earringst" :STATUS :UNCHECKED
"item_extractst" :STATUS :UNCHECKED
"item_figurinest" :STATUS :UNCHECKED
"item_fish_rawst" :STATUS :UNCHECKED
"item_fishst" :STATUS :UNCHECKED
"item_flags" :STATUS :VERIFIED
"item_flaskst" :STATUS :UNCHECKED
"item_floodgatest" :STATUS :UNCHECKED
"item_foodst" :STATUS :UNCHECKED
"item_foodst.ingredients.*.*" :STATUS :UNCHECKED
"item_gemst" :STATUS :UNCHECKED
"item_globst" :STATUS :UNCHECKED
"item_glovesst" :STATUS :UNCHECKED
"item_gobletst" :STATUS :UNCHECKED
"item_gratest" :STATUS :UNCHECKED
"item_hatch_coverst" :STATUS :UNCHECKED
"item_helmst" :STATUS :UNCHECKED
"item_instrumentst" :STATUS :UNCHECKED
"item_leavesst" :STATUS :UNCHECKED
"item_liquid" :STATUS :VERIFIED
"item_liquid_miscst" :STATUS :UNCHECKED
"item_liquipowder" :STATUS :VERIFIED
"item_magicness" :STATUS :UNCHECKED
"item_meatst" :STATUS :UNCHECKED
"item_millstonest" :STATUS :UNCHECKED
"item_pantsst" :STATUS :UNCHECKED
"item_petst" :STATUS :UNCHECKED
"item_pipe_sectionst" :STATUS :UNCHECKED
"item_plantst" :STATUS :UNCHECKED
"item_potionst" :STATUS :UNCHECKED
"item_powder" :STATUS :UNCHECKED
"item_powder_miscst" :STATUS :UNCHECKED
"item_quality" :STATUS :VERIFIED
"item_quernst" :STATUS :UNCHECKED
"item_quiverst" :STATUS :UNCHECKED
"item_remainsst" :STATUS :UNCHECKED
"item_ringst" :STATUS :UNCHECKED
"item_rockst" :STATUS :UNCHECKED
"item_roughst" :STATUS :UNCHECKED
"item_sandst" :STATUS :UNCHECKED
"item_scepterst" :STATUS :UNCHECKED
"item_seedsst" :STATUS :UNCHECKED
"item_shellst" :STATUS :UNCHECKED
"item_shieldst" :STATUS :UNCHECKED
"item_shoesst" :STATUS :UNCHECKED
"item_siegeammost" :STATUS :UNCHECKED
"item_skin_rawst" :STATUS :UNCHECKED
"item_skin_tannedst" :STATUS :UNCHECKED
"item_skullst" :STATUS :UNCHECKED
"item_smallgemst" :STATUS :UNCHECKED
"item_statuest" :STATUS :UNCHECKED
"item_stockpile_ref" :STATUS :UNCHECKED
"item_stonest" :STATUS :UNCHECKED
"item_tablest" :STATUS :UNCHECKED
"item_threadst" :STATUS :UNCHECKED
"item_totemst" :STATUS :UNCHECKED
"item_toyst" :STATUS :UNCHECKED
"item_trapcompst" :STATUS :UNCHECKED
"item_trappartsst" :STATUS :UNCHECKED
"item_type" :STATUS :VERIFIED
"item_verminst" :STATUS :UNCHECKED
"item_weaponrackst" :STATUS :UNCHECKED
"item_weaponst" :STATUS :UNCHECKED
"item_windowst" :STATUS :UNCHECKED
"item_woodst" :STATUS :UNCHECKED
"itemdef" :STATUS :UNCHECKED
"itemdef_ammost" :STATUS :UNCHECKED
"itemdef_armorst" :STATUS :UNCHECKED
"itemdef_foodst" :STATUS :UNCHECKED
"itemdef_glovesst" :STATUS :UNCHECKED
"itemdef_helmst" :STATUS :UNCHECKED
"itemdef_instrumentst" :STATUS :UNCHECKED
"itemdef_pantsst" :STATUS :UNCHECKED
"itemdef_shieldst" :STATUS :UNCHECKED
"itemdef_shoesst" :STATUS :UNCHECKED
"itemdef_siegeammost" :STATUS :UNCHECKED
"itemdef_toyst" :STATUS :UNCHECKED
"itemdef_trapcompst" :STATUS :UNCHECKED
"itemdef_weaponst" :STATUS :UNCHECKED
"itemimprovement" :STATUS :VERIFIED
"itemimprovement_art_imagest" :STATUS :UNCHECKED
"itemimprovement_bandsst" :STATUS :UNCHECKED
"itemimprovement_clothst" :STATUS :VERIFIED
"itemimprovement_coveredst" :STATUS :UNCHECKED
"itemimprovement_itemspecificst" :STATUS :UNCHECKED
"itemimprovement_rings_hangingst" :STATUS :UNCHECKED
"itemimprovement_sewn_imagest" :STATUS :UNCHECKED
"itemimprovement_spikesst" :STATUS :UNCHECKED
"itemimprovement_threadst" :STATUS :VERIFIED
"items_other_id" :STATUS :UNCHECKED
"job" :STATUS :VERIFIED
"job_flags" :STATUS :VERIFIED
"job_item_filter" :STATUS :UNCHECKED
"job_item_flags1" :STATUS :UNCHECKED
"job_item_flags2" :STATUS :UNCHECKED
"job_item_ref" :STATUS :VERIFIED
"job_item_ref.role" :STATUS :VERIFIED
"job_list_link" :STATUS :VERIFIED
"job_skill" :STATUS :VERIFIED
"job_skill_class" :STATUS :UNCHECKED
"job_type" :STATUS :VERIFIED
"job_type_class" :STATUS :UNCHECKED
"language_name" :STATUS :VERIFIED
"language_symbol" :STATUS :VERIFIED
"language_translation" :STATUS :VERIFIED
"language_word" :STATUS :VERIFIED
"language_word_flags" :STATUS :UNCHECKED
"local_population" :STATUS :VERIFIED
"machine" :STATUS :VERIFIED
"machine.components.*.*" :STATUS :VERIFIED
"machine_conn_modes" :STATUS :UNCHECKED
"machine_info" :STATUS :VERIFIED
"machine_standardst" :STATUS :VERIFIED
"machine_tile_set" :STATUS :UNCHECKED
"machine_type" :STATUS :UNCHECKED
"manager_order" :STATUS :VERIFIED
"manager_order_template" :STATUS :UNCHECKED
"mandate" :STATUS :VERIFIED
"map_block" :STATUS :VERIFIED
"map_block_column" :STATUS :VERIFIED
"map_block_column.unmined_glyphs.*.*" :STATUS :VERIFIED
"material_type" :STATUS :VERIFIED
"material_vec_ref" :STATUS :VERIFIED
"matgloss_metal" :STATUS :VERIFIED
"matgloss_metal_flags" :STATUS :UNCHECKED
"matgloss_plant" :STATUS :VERIFIED
"matgloss_plant.densities.*" :STATUS :VERIFIED
"matgloss_plant.temperatures.*" :STATUS :VERIFIED
"matgloss_plant_flags" :STATUS :UNCHECKED
"matgloss_stone" :STATUS :VERIFIED
"matgloss_stone_flags" :STATUS :UNCHECKED
"matgloss_wood" :STATUS :VERIFIED
"matgloss_wood_flags" :STATUS :UNCHECKED
"meeting_diplomat_info" :STATUS :UNCHECKED
"meeting_diplomat_info.@.*" :STATUS :UNCHECKED
"meeting_diplomat_info.@.*.*" :STATUS :UNCHECKED
"meeting_diplomat_info.@.*.*.@.*" :STATUS :UNCHECKED
"meeting_diplomat_info.@.*.*.@.*.@.*" :STATUS :UNCHECKED
"mood_type" :STATUS :VERIFIED
"nemesis_record" :STATUS :VERIFIED
"pants_flags" :STATUS :UNCHECKED
"part_of_speech" :STATUS :VERIFIED
"party_info" :STATUS :VERIFIED
"personality_facet_type" :STATUS :UNCHECKED
"pet_info" :STATUS :VERIFIED
"plant" :STATUS :VERIFIED
"plant_flags" :STATUS :VERIFIED
"popup_message" :STATUS :UNCHECKED
"power_info" :STATUS :UNCHECKED
"profession" :STATUS :VERIFIED
"proj_itemst" :STATUS :UNCHECKED
"proj_list_link" :STATUS :VERIFIED
"proj_magicst" :STATUS :UNCHECKED
"proj_unitst" :STATUS :UNCHECKED
"projectile" :STATUS :UNCHECKED
"projectile_flags" :STATUS :UNCHECKED
"projectile_type" :STATUS :UNCHECKED
"quest_list_link" :STATUS :VERIFIED
"reaction" :STATUS :VERIFIED
"reaction_product" :STATUS :VERIFIED
"reaction_product_itemst" :STATUS :VERIFIED
"reaction_reagent" :STATUS :VERIFIED
"reaction_reagent_classst" :STATUS :VERIFIED
"reaction_reagent_itemst" :STATUS :VERIFIED
"reaction_reagent_metal_orest" :STATUS :VERIFIED
"region_biome_type" :STATUS :VERIFIED
"region_map_entry" :STATUS :VERIFIED
"region_property_type" :STATUS :UNCHECKED
"report" :STATUS :VERIFIED
"room_rent_info" :STATUS :VERIFIED
"screw_pump_direction" :STATUS :VERIFIED
"shoes_flags" :STATUS :UNCHECKED
"shop_type" :STATUS :UNCHECKED
"siegeengine_type" :STATUS :VERIFIED
"site_type" :STATUS :VERIFIED
"skill_rating" :STATUS :VERIFIED
"specific_ref" :STATUS :VERIFIED
"specific_ref_type" :STATUS :VERIFIED
"sphere_type" :STATUS :UNCHECKED
"stockpile_category" :STATUS :VERIFIED
"stockpile_settings" :STATUS :VERIFIED
"task_kill_nemesisst" :STATUS :UNCHECKED
"temperaturest" :STATUS :VERIFIED
"tile_bitmask" :STATUS :VERIFIED
"tile_building_occ" :STATUS :UNCHECKED
"tile_designation" :STATUS :VERIFIED
"tile_dig_designation" :STATUS :UNCHECKED
"tile_liquid" :STATUS :UNCHECKED
"tile_liquid_flow" :STATUS :UNCHECKED
"tile_liquid_flow_dir" :STATUS :UNCHECKED
"tile_occupancy" :STATUS :VERIFIED
"tile_traffic" :STATUS :UNCHECKED
"tiletype" :STATUS :VERIFIED
"tiletype_material" :STATUS :UNCHECKED
"tiletype_shape" :STATUS :UNCHECKED
"tiletype_shape_basic" :STATUS :UNCHECKED
"tiletype_special" :STATUS :UNCHECKED
"tiletype_variant" :STATUS :UNCHECKED
"timed_event" :STATUS :VERIFIED
"timed_event_type" :STATUS :VERIFIED
"toy_flags" :STATUS :UNCHECKED
"trap_type" :STATUS :VERIFIED
"ui" :STATUS :VERIFIED
"ui.@.*.*" :STATUS :UNCHECKED
"ui.crimes.*.*" :STATUS :VERIFIED
"ui.crimes.*.*.mode" :STATUS :VERIFIED
"ui.punishments.*.*" :STATUS :UNCHECKED
"ui_advmode" :STATUS :UNCHECKED
"ui_advmode_menu" :STATUS :UNCHECKED
"ui_build_selector" :STATUS :UNCHECKED
"ui_hotkey" :STATUS :VERIFIED
"ui_hotkey.cmd" :STATUS :VERIFIED
"ui_look_list" :STATUS :UNCHECKED
"ui_look_list.items.*.*" :STATUS :UNCHECKED
"ui_look_list.items.*.*.type" :STATUS :UNCHECKED
"ui_sidebar_menus" :STATUS :UNCHECKED
"ui_sidebar_mode" :STATUS :VERIFIED
"ui_unit_view_mode" :STATUS :UNCHECKED
"ui_unit_view_mode.value" :STATUS :UNCHECKED
"unit" :STATUS :VERIFIED
"unit.@.*.*" :STATUS :UNCHECKED
"unit.counters.soldier_mood" :STATUS :UNCHECKED
"unit.friends.*.*" :STATUS :VERIFIED
"unit_chunk" :STATUS :UNCHECKED
"unit_contaminant" :STATUS :VERIFIED
"unit_demand" :STATUS :UNCHECKED
"unit_demand.place" :STATUS :UNCHECKED
"unit_flags1" :STATUS :VERIFIED
"unit_flags2" :STATUS :VERIFIED
"unit_inventory_item" :STATUS :VERIFIED
"unit_inventory_item.mode" :STATUS :VERIFIED
"unit_labor" :STATUS :UNCHECKED
"unit_misc_trait" :STATUS :VERIFIED
"unit_misc_trait.id" :STATUS :UNCHECKED
"unit_preference" :STATUS :VERIFIED
"unit_preference.type" :STATUS :VERIFIED
"unit_skill" :STATUS :VERIFIED
"unit_thought" :STATUS :VERIFIED
"vermin" :STATUS :VERIFIED
"vermin_flags" :STATUS :VERIFIED
"viewscreen" :STATUS :VERIFIED
"viewscreen_adventure_logst" :STATUS :UNCHECKED
"viewscreen_adventure_travelst" :STATUS :UNCHECKED
"viewscreen_announcelistst" :STATUS :UNCHECKED
"viewscreen_assigntradest" :STATUS :UNCHECKED
"viewscreen_barterst" :STATUS :UNCHECKED
"viewscreen_buildinglistst" :STATUS :UNCHECKED
"viewscreen_buildingst" :STATUS :UNCHECKED
"viewscreen_civlistst" :STATUS :UNCHECKED
"viewscreen_commandchainst" :STATUS :UNCHECKED
"viewscreen_conversationst" :STATUS :UNCHECKED
"viewscreen_createquotast" :STATUS :UNCHECKED
"viewscreen_customize_unitst" :STATUS :UNCHECKED
"viewscreen_dungeon_announcest" :STATUS :UNCHECKED
"viewscreen_dungeon_monsterstatusst" :STATUS :UNCHECKED
"viewscreen_dungeon_wrestlest" :STATUS :UNCHECKED
"viewscreen_dungeonmodest" :STATUS :UNCHECKED
"viewscreen_dwarfmodest" :STATUS :UNCHECKED
"viewscreen_entityst" :STATUS :UNCHECKED
"viewscreen_export_regionst" :STATUS :UNCHECKED
"viewscreen_itemst" :STATUS :UNCHECKED
"viewscreen_jobmanagementst" :STATUS :UNCHECKED
"viewscreen_jobst" :STATUS :UNCHECKED
"viewscreen_justicest" :STATUS :UNCHECKED
"viewscreen_keybindingsst" :STATUS :UNCHECKED
"viewscreen_kitchenprefst" :STATUS :UNCHECKED
"viewscreen_layer" :STATUS :UNCHECKED
"viewscreen_layer_stockpilest" :STATUS :UNCHECKED
"viewscreen_layer_workshop_profilest" :STATUS :UNCHECKED
"viewscreen_legendsst" :STATUS :UNCHECKED
"viewscreen_loadgamest" :STATUS :UNCHECKED
"viewscreen_meetingst" :STATUS :UNCHECKED
"viewscreen_movieplayerst" :STATUS :UNCHECKED
"viewscreen_new_regionst" :STATUS :UNCHECKED
"viewscreen_noblelistst" :STATUS :UNCHECKED
"viewscreen_noblest" :STATUS :UNCHECKED
"viewscreen_optionst" :STATUS :UNCHECKED
"viewscreen_overallstatusst" :STATUS :UNCHECKED
"viewscreen_petst" :STATUS :UNCHECKED
"viewscreen_pricest" :STATUS :UNCHECKED
"viewscreen_requestagreementst" :STATUS :UNCHECKED
"viewscreen_savegamest" :STATUS :UNCHECKED
"viewscreen_selectitemst" :STATUS :UNCHECKED
"viewscreen_setupadventurest" :STATUS :UNCHECKED
"viewscreen_setupdwarfgamest" :STATUS :UNCHECKED
"viewscreen_squadst" :STATUS :UNCHECKED
"viewscreen_st" :STATUS :UNCHECKED
"viewscreen_storesst" :STATUS :UNCHECKED
"viewscreen_textviewerst" :STATUS :UNCHECKED
"viewscreen_titlest" :STATUS :UNCHECKED
"viewscreen_topicmeeting_takerequest_dwarfst" :STATUS :UNCHECKED
"viewscreen_topicmeeting_takerequest_humanst" :STATUS :UNCHECKED
"viewscreen_topicmeetingst" :STATUS :UNCHECKED
"viewscreen_tradeagreementst" :STATUS :UNCHECKED
"viewscreen_tradegoodsst" :STATUS :UNCHECKED
"viewscreen_tradelistst" :STATUS :UNCHECKED
"viewscreen_treasurelistst" :STATUS :UNCHECKED
"viewscreen_unitjobsst" :STATUS :UNCHECKED
"viewscreen_unitst" :STATUS :UNCHECKED
"viewscreen_wagesst" :STATUS :UNCHECKED
"weapon_flags" :STATUS :UNCHECKED
"weather_type" :STATUS :UNCHECKED
"workshop_profile" :STATUS :VERIFIED
"workshop_type" :STATUS :VERIFIED
"world" :STATUS :VERIFIED
"world.coin_batches.*.*" :STATUS :VERIFIED
"world.pathfinder.boundary_heap.*" :STATUS :UNCHECKED
"world.schedules.all.*.*" :STATUS :UNCHECKED
"world.schedules.all.*.*.@.*.*" :STATUS :UNCHECKED
"world_construction_type" :STATUS :UNCHECKED
"world_data" :STATUS :UNCHECKED
"world_data.@.*" :STATUS :VERIFIED
"world_data.@.*.*" :STATUS :VERIFIED
"world_data.@.*.*.@.*.*" :STATUS :UNCHECKED
"world_data.@.*.*.@.*.*.*" :STATUS :UNCHECKED
"world_data.@.*.*.@.*.*.*.*" :STATUS :UNCHECKED
"world_data.@.*.table.*.*" :STATUS :VERIFIED
"world_data.feature_map.*.*" :STATUS :VERIFIED
"world_data.mountain_peaks.*.*" :STATUS :VERIFIED
"world_data.worldgen_parms.sq_counts.*" :STATUS :VERIFIED
"world_geo_biome" :STATUS :VERIFIED
"world_geo_layer" :STATUS :VERIFIED
"world_history" :STATUS :VERIFIED
"world_history.ages.*.*" :STATUS :UNCHECKED
"world_landmass" :STATUS :VERIFIED
"world_population" :STATUS :VERIFIED
"world_population_ref" :STATUS :VERIFIED
"world_population_type" :STATUS :VERIFIED
"world_raws" :STATUS :VERIFIED
"world_raws.body.glosses.*.*" :STATUS :VERIFIED
"world_raws.language.word_table.*.*" :STATUS :VERIFIED
"world_region" :STATUS :VERIFIED
"world_region.tree_tiles.*" :STATUS :UNCHECKED
"world_river" :STATUS :VERIFIED
"world_site" :STATUS :VERIFIED
